995
1011
995
1011
995
1011
995
1011
995
1011
995
1011
995
1011
995
1011
1000
1008
997
1008
